C:/Users/lport/STM32Cube/Example/DPMProj/Core/Src/main.c:104:5:main	24	static,ignoring_inline_asm
C:/Users/lport/STM32Cube/Example/DPMProj/Core/Src/main.c:165:6:SystemClock_Config	120	static
C:/Users/lport/STM32Cube/Example/DPMProj/Core/Src/main.c:225:13:MX_ETH_Init	8	static
C:/Users/lport/STM32Cube/Example/DPMProj/Core/Src/main.c:274:13:MX_USART3_UART_Init	8	static
C:/Users/lport/STM32Cube/Example/DPMProj/Core/Src/main.c:322:13:MX_GPIO_Init	56	static
C:/Users/lport/STM32Cube/Example/DPMProj/Core/Src/main.c:391:1:__io_putchar	16	static
C:/Users/lport/STM32Cube/Example/DPMProj/Core/Src/main.c:402:6:Success_Handler	8	static
C:/Users/lport/STM32Cube/Example/DPMProj/Core/Src/main.c:418:6:MPU_Config	24	static
C:/Users/lport/STM32Cube/Example/DPMProj/Core/Src/main.c:475:6:HAL_TIM_PeriodElapsedCallback	16	static
C:/Users/lport/STM32Cube/Example/DPMProj/Core/Src/main.c:493:6:Error_Handler	8	static
